Last login: Tue Mar  1 08:10:52 on console 

huynhthanhviet@Huynhs-Air aws % chmod 400 udacity-standby-region.pem 

huynhthanhviet@Huynhs-Air aws % ssh -i "udacity-standby-region.pem" ec2-user@ec2-18-117-141-97.us-east-2.compute.amazonaws.com 

The authenticity of host 'ec2-18-117-141-97.us-east-2.compute.amazonaws.com (18.117.141.97)' can't be established. 

ED25519 key fingerprint is SHA256:Idisyrow5qgt7Cwo9kduhFEJ4NwadDFOCbzUuKFwueg. 

This key is not known by any other names 

Are you sure you want to continue connecting (yes/no/[fingerprint])? yes 

Warning: Permanently added 'ec2-18-117-141-97.us-east-2.compute.amazonaws.com' (ED25519) to the list of known hosts. 

 
 

       __|  __|_  ) 

       _|  (     /   Amazon Linux 2 AMI 

      ___|\___|___| 

 
 

https://aws.amazon.com/amazon-linux-2/ 

-bash: warning: setlocale: LC_CTYPE: cannot change locale (UTF-8): No such file or directory 

[ec2-user@ip-172-16-10-252 ~]$ sudo su 

[root@ip-172-16-10-252 ec2-user]# yum install mysql 

Failed to set locale, defaulting to C 

Loaded plugins: extras_suggestions, langpacks, priorities, update-motd 

amzn2-core                                                                                                                                                          | 3.7 kB  00:00:00      

Resolving Dependencies 

--> Running transaction check 

---> Package mariadb.x86_64 1:5.5.68-1.amzn2 will be installed 

--> Finished Dependency Resolution 

 
 

Dependencies Resolved 

 
 

=========================================================================================================================================================================================== 

 Package                                   Arch                                     Version                                             Repository                                    Size 

=========================================================================================================================================================================================== 

Installing: 

 mariadb                                   x86_64                                   1:5.5.68-1.amzn2                                    amzn2-core                                   8.8 M 

 
 

Transaction Summary 

=========================================================================================================================================================================================== 

Install  1 Package 

 
 

Total download size: 8.8 M 

Installed size: 49 M 

Is this ok [y/d/N]: y 

Downloading packages: 

mariadb-5.5.68-1.amzn2.x86_64.rpm                                                                                                                                   | 8.8 MB  00:00:00      

Running transaction check 

Running transaction test 

Transaction test succeeded 

Running transaction 

  Installing : 1:mariadb-5.5.68-1.amzn2.x86_64                                                                                                                                         1/1  

  Verifying  : 1:mariadb-5.5.68-1.amzn2.x86_64                                                                                                                                         1/1  

 
 

Installed: 

  mariadb.x86_64 1:5.5.68-1.amzn2                                                                                                                                                           

 
 

Complete! 

[root@ip-172-16-10-252 ec2-user]# mysql -h udacity.cua7fd7aiwae.us-east-2.rds.amazonaws.com -P 3306 -u admin -p 

Enter password:  

Welcome to the MariaDB monitor.  Commands end with ; or \g. 

Your MySQL connection id is 177 

Server version: 8.0.27 Source distribution 

 
 

Copyright (c) 2000, 2018, Oracle, MariaDB Corporation Ab and others. 

 
 

Type 'help;' or '\h' for help. Type '\c' to clear the current input statement. 

 
 

MySQL [(none)]> use MusicDatabase 

Reading table information for completion of table and column names 

You can turn off this feature to get a quicker startup with -A 

 
 

Database changed 

MySQL [MusicDatabase]> INSERT INTO music (song_title,artist) VALUES ('Peace', 'Bowie'); 

ERROR 1290 (HY000): The MySQL server is running with the --read-only option so it cannot execute this statement 

MySQL [MusicDatabase]> select * from music 

    -> ; 

+---------+------------------+-----------------+-------+--------------+-------------------------+ 

| song_id | song_title       | artist          | album | release_date | review                  | 

+---------+------------------+-----------------+-------+--------------+-------------------------+ 

|       1 | Moonage Daydream | David Bowie     |       |         NULL | NULL                    | 

|       2 | Gangnam Style    | Psy             |       |         NULL | Did not enjoy it at all | 

|       3 | Heal the world   | Micheal Jackson |       |         NULL | NULL                    | 

|       4 | Billy Dance      | Micheal Jackson |       |         NULL | NULL                    | 

+---------+------------------+-----------------+-------+--------------+-------------------------+ 

4 rows in set (0.00 sec) 

 
 

MySQL [MusicDatabase]> 

 